
encoder.elf:     file format elf32-avr

Sections:
Idx Name          Size      VMA       LMA       File off  Algn
  0 .text         00000224  00000000  00000000  00000094  2**1
                  CONTENTS, ALLOC, LOAD, READONLY, CODE
  1 .data         00000008  00800060  00000224  000002b8  2**0
                  CONTENTS, ALLOC, LOAD, DATA
  2 .bss          00000005  00800068  00800068  000002c0  2**0
                  ALLOC
  3 .stab         00000d74  00000000  00000000  000002c0  2**2
                  CONTENTS, READONLY, DEBUGGING
  4 .stabstr      000009c2  00000000  00000000  00001034  2**0
                  CONTENTS, READONLY, DEBUGGING
  5 .comment      00000011  00000000  00000000  000019f6  2**0
                  CONTENTS, READONLY

Disassembly of section .text:

00000000 <__vectors>:
   0:	12 c0       	rjmp	.+36     	; 0x26 <__ctors_end>
   2:	69 c0       	rjmp	.+210    	; 0xd6 <__vector_1>
   4:	29 c0       	rjmp	.+82     	; 0x58 <__bad_interrupt>
   6:	28 c0       	rjmp	.+80     	; 0x58 <__bad_interrupt>
   8:	27 c0       	rjmp	.+78     	; 0x58 <__bad_interrupt>
   a:	26 c0       	rjmp	.+76     	; 0x58 <__bad_interrupt>
   c:	25 c0       	rjmp	.+74     	; 0x58 <__bad_interrupt>
   e:	24 c0       	rjmp	.+72     	; 0x58 <__bad_interrupt>
  10:	23 c0       	rjmp	.+70     	; 0x58 <__bad_interrupt>
  12:	22 c0       	rjmp	.+68     	; 0x58 <__bad_interrupt>
  14:	21 c0       	rjmp	.+66     	; 0x58 <__bad_interrupt>
  16:	20 c0       	rjmp	.+64     	; 0x58 <__bad_interrupt>
  18:	1f c0       	rjmp	.+62     	; 0x58 <__bad_interrupt>
  1a:	1e c0       	rjmp	.+60     	; 0x58 <__bad_interrupt>
  1c:	1d c0       	rjmp	.+58     	; 0x58 <__bad_interrupt>
  1e:	1c c0       	rjmp	.+56     	; 0x58 <__bad_interrupt>
  20:	1b c0       	rjmp	.+54     	; 0x58 <__bad_interrupt>
  22:	1a c0       	rjmp	.+52     	; 0x58 <__bad_interrupt>
  24:	19 c0       	rjmp	.+50     	; 0x58 <__bad_interrupt>

00000026 <__ctors_end>:
  26:	11 24       	eor	r1, r1
  28:	1f be       	out	0x3f, r1	; 63
  2a:	cf ed       	ldi	r28, 0xDF	; 223
  2c:	cd bf       	out	0x3d, r28	; 61

0000002e <__do_copy_data>:
  2e:	10 e0       	ldi	r17, 0x00	; 0
  30:	a0 e6       	ldi	r26, 0x60	; 96
  32:	b0 e0       	ldi	r27, 0x00	; 0
  34:	e4 e2       	ldi	r30, 0x24	; 36
  36:	f2 e0       	ldi	r31, 0x02	; 2
  38:	02 c0       	rjmp	.+4      	; 0x3e <__SP_L__+0x1>
  3a:	05 90       	lpm	r0, Z+
  3c:	0d 92       	st	X+, r0
  3e:	a8 36       	cpi	r26, 0x68	; 104
  40:	b1 07       	cpc	r27, r17
  42:	d9 f7       	brne	.-10     	; 0x3a <__do_copy_data+0xc>

00000044 <__do_clear_bss>:
  44:	10 e0       	ldi	r17, 0x00	; 0
  46:	a8 e6       	ldi	r26, 0x68	; 104
  48:	b0 e0       	ldi	r27, 0x00	; 0
  4a:	01 c0       	rjmp	.+2      	; 0x4e <.do_clear_bss_start>

0000004c <.do_clear_bss_loop>:
  4c:	1d 92       	st	X+, r1

0000004e <.do_clear_bss_start>:
  4e:	ad 36       	cpi	r26, 0x6D	; 109
  50:	b1 07       	cpc	r27, r17
  52:	e1 f7       	brne	.-8      	; 0x4c <.do_clear_bss_loop>
  54:	78 d0       	rcall	.+240    	; 0x146 <main>
  56:	e4 c0       	rjmp	.+456    	; 0x220 <_exit>

00000058 <__bad_interrupt>:
  58:	d3 cf       	rjmp	.-90     	; 0x0 <__vectors>

0000005a <encoder>:
uint16_t encoder(uint16_t max_encoder_value,uint16_t encoder_value)
{
 static uint8_t state=0x03;					//Start with both pins high
 static uint8_t damper;						//Prevents over reporting
 
 state <<=2;								//Save previous state
  5a:	20 91 66 00 	lds	r18, 0x0066
  5e:	22 0f       	add	r18, r18
  60:	22 0f       	add	r18, r18
  62:	20 93 66 00 	sts	0x0066, r18
 if(PINB & (1 << ACW)) state |=(1<<0);		//Port 1
  66:	b1 9b       	sbis	0x16, 1	; 22
  68:	03 c0       	rjmp	.+6      	; 0x70 <encoder+0x16>
  6a:	21 60       	ori	r18, 0x01	; 1
  6c:	20 93 66 00 	sts	0x0066, r18
 if(PINB & (1 << CW)) state |=(1<<1); 		//Port 2
  70:	b0 9b       	sbis	0x16, 0	; 22
  72:	05 c0       	rjmp	.+10     	; 0x7e <encoder+0x24>
  74:	20 91 66 00 	lds	r18, 0x0066
  78:	22 60       	ori	r18, 0x02	; 2
  7a:	20 93 66 00 	sts	0x0066, r18
 state &= 0x0f;								//Remove high order nibble
  7e:	20 91 66 00 	lds	r18, 0x0066
  82:	2f 70       	andi	r18, 0x0F	; 15
  84:	20 93 66 00 	sts	0x0066, r18
 if(damper)
  88:	30 91 6a 00 	lds	r19, 0x006A
  8c:	33 23       	and	r19, r19
  8e:	29 f0       	breq	.+10     	; 0x9a <encoder+0x40>
  {if(state!=15) return(encoder_value); 	//Prevent over reporting
  90:	2f 30       	cpi	r18, 0x0F	; 15
  92:	f9 f4       	brne	.+62     	; 0xd2 <encoder+0x78>
   else damper=0;}
  94:	10 92 6a 00 	sts	0x006A, r1
  98:	1c c0       	rjmp	.+56     	; 0xd2 <encoder+0x78>

 if(state==0x0e && encoder_value < (max_encoder_value - precision))
  9a:	2e 30       	cpi	r18, 0x0E	; 14
  9c:	61 f4       	brne	.+24     	; 0xb6 <encoder+0x5c>
  9e:	20 91 64 00 	lds	r18, 0x0064
  a2:	30 91 65 00 	lds	r19, 0x0065
  a6:	82 1b       	sub	r24, r18
  a8:	93 0b       	sbc	r25, r19
  aa:	68 17       	cp	r22, r24
  ac:	79 07       	cpc	r23, r25
  ae:	88 f4       	brcc	.+34     	; 0xd2 <encoder+0x78>
  {
   encoder_value += precision;
  b0:	62 0f       	add	r22, r18
  b2:	73 1f       	adc	r23, r19
  b4:	0b c0       	rjmp	.+22     	; 0xcc <encoder+0x72>
   damper=1;
  }
 if(state==0x0d && encoder_value > precision)
  b6:	2d 30       	cpi	r18, 0x0D	; 13
  b8:	61 f4       	brne	.+24     	; 0xd2 <encoder+0x78>
  ba:	80 91 64 00 	lds	r24, 0x0064
  be:	90 91 65 00 	lds	r25, 0x0065
  c2:	86 17       	cp	r24, r22
  c4:	97 07       	cpc	r25, r23
  c6:	28 f4       	brcc	.+10     	; 0xd2 <encoder+0x78>
  {
   encoder_value -= precision;
  c8:	68 1b       	sub	r22, r24
  ca:	79 0b       	sbc	r23, r25
   damper=1;   
  cc:	81 e0       	ldi	r24, 0x01	; 1
  ce:	80 93 6a 00 	sts	0x006A, r24
  } 
 return(encoder_value); 
} 
  d2:	cb 01       	movw	r24, r22
  d4:	08 95       	ret

000000d6 <__vector_1>:
  d6:	1f 92       	push	r1
  d8:	0f 92       	push	r0
  da:	0f b6       	in	r0, 0x3f	; 63
  dc:	0f 92       	push	r0
  de:	11 24       	eor	r1, r1
  e0:	2f 93       	push	r18
  e2:	3f 93       	push	r19
  e4:	4f 93       	push	r20
  e6:	5f 93       	push	r21
  e8:	6f 93       	push	r22
  ea:	7f 93       	push	r23
  ec:	8f 93       	push	r24
  ee:	9f 93       	push	r25
  f0:	af 93       	push	r26
  f2:	bf 93       	push	r27
  f4:	ef 93       	push	r30
  f6:	ff 93       	push	r31
  f8:	81 e0       	ldi	r24, 0x01	; 1
  fa:	80 93 69 00 	sts	0x0069, r24
  fe:	12 d0       	rcall	.+36     	; 0x124 <debounce>
 100:	11 d0       	rcall	.+34     	; 0x124 <debounce>
 102:	ff 91       	pop	r31
 104:	ef 91       	pop	r30
 106:	bf 91       	pop	r27
 108:	af 91       	pop	r26
 10a:	9f 91       	pop	r25
 10c:	8f 91       	pop	r24
 10e:	7f 91       	pop	r23
 110:	6f 91       	pop	r22
 112:	5f 91       	pop	r21
 114:	4f 91       	pop	r20
 116:	3f 91       	pop	r19
 118:	2f 91       	pop	r18
 11a:	0f 90       	pop	r0
 11c:	0f be       	out	0x3f, r0	; 63
 11e:	0f 90       	pop	r0
 120:	1f 90       	pop	r1
 122:	18 95       	reti

00000124 <debounce>:
 124:	2f ea       	ldi	r18, 0xAF	; 175

00000126 <outerloop>:
 126:	32 e8       	ldi	r19, 0x82	; 130

00000128 <innerloop>:
 128:	00 00       	nop
 12a:	00 00       	nop
 12c:	00 00       	nop
 12e:	31 50       	subi	r19, 0x01	; 1
 130:	30 30       	cpi	r19, 0x00	; 0
 132:	d1 f7       	brne	.-12     	; 0x128 <innerloop>
 134:	21 50       	subi	r18, 0x01	; 1
 136:	20 30       	cpi	r18, 0x00	; 0
 138:	b1 f7       	brne	.-20     	; 0x126 <outerloop>
 13a:	4c e0       	ldi	r20, 0x0C	; 12
	...

0000013e <adjust>:
 13e:	41 50       	subi	r20, 0x01	; 1
 140:	40 30       	cpi	r20, 0x00	; 0
 142:	e9 f7       	brne	.-6      	; 0x13e <adjust>
 144:	08 95       	ret

00000146 <main>:

uint8_t On=0;							// Off / On toggle

int main()
{
	DDRB |= (1<<PMW);					// PWM port set to output
 146:	bb 9a       	sbi	0x17, 3	; 23
	DDRD |= (1<<DBG);					// Debug LED to output
 148:	8b 9a       	sbi	0x11, 3	; 17
	DDRD &= ~(1<<INT);					// Ensure interrupt pin is input
 14a:	8a 98       	cbi	0x11, 2	; 17

	currentDuty=maxDutyValue/10;		// Start at 10% duty cycle
 14c:	80 91 62 00 	lds	r24, 0x0062
 150:	90 91 63 00 	lds	r25, 0x0063
 154:	6a e0       	ldi	r22, 0x0A	; 10
 156:	70 e0       	ldi	r23, 0x00	; 0
 158:	4f d0       	rcall	.+158    	; 0x1f8 <__udivmodhi4>
 15a:	70 93 6c 00 	sts	0x006C, r23
 15e:	60 93 6b 00 	sts	0x006B, r22
	
 	ICR1 = currentFreq;					// Frequency = 8,000,000/ICR1 
 162:	80 91 60 00 	lds	r24, 0x0060
 166:	90 91 61 00 	lds	r25, 0x0061
 16a:	95 bd       	out	0x25, r25	; 37
 16c:	84 bd       	out	0x24, r24	; 36
 	OCR1A = currentDuty;				// Duty cycle
 16e:	7b bd       	out	0x2b, r23	; 43
 170:	6a bd       	out	0x2a, r22	; 42
 	
 	TCCR1A |= (1<<COM1A1);				// Clear OC1A/OC1B on Compare Match, set OC1A/OC1B at TOP
 172:	8f b5       	in	r24, 0x2f	; 47
 174:	80 68       	ori	r24, 0x80	; 128
 176:	8f bd       	out	0x2f, r24	; 47
  	TCCR1A |= (1<<WGM11);	 			// Fast PWM Mode 14 TOP=ICR1
 178:	8f b5       	in	r24, 0x2f	; 47
 17a:	82 60       	ori	r24, 0x02	; 2
 17c:	8f bd       	out	0x2f, r24	; 47
  	TCCR1B |= (1<<WGM12);
 17e:	8e b5       	in	r24, 0x2e	; 46
 180:	88 60       	ori	r24, 0x08	; 8
 182:	8e bd       	out	0x2e, r24	; 46
  	TCCR1B |= (1<<WGM13);
 184:	8e b5       	in	r24, 0x2e	; 46
 186:	80 61       	ori	r24, 0x10	; 16
 188:	8e bd       	out	0x2e, r24	; 46
  	
   	TCCR1B |= (1<<CS10);				// Scalar = 1
 18a:	8e b5       	in	r24, 0x2e	; 46
 18c:	81 60       	ori	r24, 0x01	; 1
 18e:	8e bd       	out	0x2e, r24	; 46
   	
   	MCUCR |= (1<<ISC00);				// Trigger int0 on rising edge
 190:	85 b7       	in	r24, 0x35	; 53
 192:	81 60       	ori	r24, 0x01	; 1
 194:	85 bf       	out	0x35, r24	; 53
   	MCUCR |= (1<<ISC01);				
 196:	85 b7       	in	r24, 0x35	; 53
 198:	82 60       	ori	r24, 0x02	; 2
 19a:	85 bf       	out	0x35, r24	; 53
   	GIMSK |= (1<<INT0);					// Enable int0
 19c:	8b b7       	in	r24, 0x3b	; 59
 19e:	80 64       	ori	r24, 0x40	; 64
 1a0:	8b bf       	out	0x3b, r24	; 59
	sei(); 
 1a2:	78 94       	sei
 {
	if(buttonPress)
	 {
		 On=!On;
		 buttonPress=0;
		 PORTD ^= (1<<DBG); 
 1a4:	c8 e0       	ldi	r28, 0x08	; 8
   	GIMSK |= (1<<INT0);					// Enable int0
	sei(); 
 
 while (1) 
 {
	if(buttonPress)
 1a6:	80 91 69 00 	lds	r24, 0x0069
 1aa:	88 23       	and	r24, r24
 1ac:	61 f0       	breq	.+24     	; 0x1c6 <main+0x80>
	 {
		 On=!On;
 1ae:	81 e0       	ldi	r24, 0x01	; 1
 1b0:	90 91 68 00 	lds	r25, 0x0068
 1b4:	91 11       	cpse	r25, r1
 1b6:	80 e0       	ldi	r24, 0x00	; 0
 1b8:	80 93 68 00 	sts	0x0068, r24
		 buttonPress=0;
 1bc:	10 92 69 00 	sts	0x0069, r1
		 PORTD ^= (1<<DBG); 
 1c0:	82 b3       	in	r24, 0x12	; 18
 1c2:	8c 27       	eor	r24, r28
 1c4:	82 bb       	out	0x12, r24	; 18
	 }	 
    if(!On)
 1c6:	80 91 68 00 	lds	r24, 0x0068
 1ca:	81 11       	cpse	r24, r1
 1cc:	04 c0       	rjmp	.+8      	; 0x1d6 <main+0x90>
     {
      OCR1A=0;
 1ce:	1b bc       	out	0x2b, r1	; 43
 1d0:	1a bc       	out	0x2a, r1	; 42
      DDRB &= ~(1<<PMW);				// Turn off PWM
 1d2:	bb 98       	cbi	0x17, 3	; 23
 1d4:	e8 cf       	rjmp	.-48     	; 0x1a6 <main+0x60>
     } 
    else 
     {
	  currentDuty=encoder(maxDutyValue,currentDuty);
 1d6:	60 91 6b 00 	lds	r22, 0x006B
 1da:	70 91 6c 00 	lds	r23, 0x006C
 1de:	80 91 62 00 	lds	r24, 0x0062
 1e2:	90 91 63 00 	lds	r25, 0x0063
 1e6:	39 df       	rcall	.-398    	; 0x5a <encoder>
 1e8:	90 93 6c 00 	sts	0x006C, r25
 1ec:	80 93 6b 00 	sts	0x006B, r24
	  OCR1A=currentDuty;
 1f0:	9b bd       	out	0x2b, r25	; 43
 1f2:	8a bd       	out	0x2a, r24	; 42
      DDRB |= (1<<PMW);					// PWM port set to output (turned on)
 1f4:	bb 9a       	sbi	0x17, 3	; 23
 1f6:	d7 cf       	rjmp	.-82     	; 0x1a6 <main+0x60>

000001f8 <__udivmodhi4>:
 1f8:	aa 1b       	sub	r26, r26
 1fa:	bb 1b       	sub	r27, r27
 1fc:	51 e1       	ldi	r21, 0x11	; 17
 1fe:	07 c0       	rjmp	.+14     	; 0x20e <__udivmodhi4_ep>

00000200 <__udivmodhi4_loop>:
 200:	aa 1f       	adc	r26, r26
 202:	bb 1f       	adc	r27, r27
 204:	a6 17       	cp	r26, r22
 206:	b7 07       	cpc	r27, r23
 208:	10 f0       	brcs	.+4      	; 0x20e <__udivmodhi4_ep>
 20a:	a6 1b       	sub	r26, r22
 20c:	b7 0b       	sbc	r27, r23

0000020e <__udivmodhi4_ep>:
 20e:	88 1f       	adc	r24, r24
 210:	99 1f       	adc	r25, r25
 212:	5a 95       	dec	r21
 214:	a9 f7       	brne	.-22     	; 0x200 <__udivmodhi4_loop>
 216:	80 95       	com	r24
 218:	90 95       	com	r25
 21a:	bc 01       	movw	r22, r24
 21c:	cd 01       	movw	r24, r26
 21e:	08 95       	ret

00000220 <_exit>:
 220:	f8 94       	cli

00000222 <__stop_program>:
 222:	ff cf       	rjmp	.-2      	; 0x222 <__stop_program>
